../HAL_Driver/Src/stm32f7xx_hal_irda.c:324:19:HAL_IRDA_Init	16	static
../HAL_Driver/Src/stm32f7xx_hal_irda.c:389:19:HAL_IRDA_DeInit	16	static
../HAL_Driver/Src/stm32f7xx_hal_irda.c:432:13:HAL_IRDA_MspInit	16	static
../HAL_Driver/Src/stm32f7xx_hal_irda.c:448:13:HAL_IRDA_MspDeInit	16	static
../HAL_Driver/Src/stm32f7xx_hal_irda.c:790:19:HAL_IRDA_Transmit	48	static
../HAL_Driver/Src/stm32f7xx_hal_irda.c:876:19:HAL_IRDA_Receive	48	static
../HAL_Driver/Src/stm32f7xx_hal_irda.c:963:19:HAL_IRDA_Transmit_IT	24	static
../HAL_Driver/Src/stm32f7xx_hal_irda.c:1005:19:HAL_IRDA_Receive_IT	24	static
../HAL_Driver/Src/stm32f7xx_hal_irda.c:1054:19:HAL_IRDA_Transmit_DMA	24	static
../HAL_Driver/Src/stm32f7xx_hal_irda.c:1131:19:HAL_IRDA_Receive_DMA	24	static
../HAL_Driver/Src/stm32f7xx_hal_irda.c:1207:19:HAL_IRDA_DMAPause	16	static
../HAL_Driver/Src/stm32f7xx_hal_irda.c:1245:19:HAL_IRDA_DMAResume	16	static
../HAL_Driver/Src/stm32f7xx_hal_irda.c:1280:19:HAL_IRDA_DMAStop	16	static
../HAL_Driver/Src/stm32f7xx_hal_irda.c:1357:19:HAL_IRDA_Abort	16	static
../HAL_Driver/Src/stm32f7xx_hal_irda.c:1443:19:HAL_IRDA_AbortTransmit	16	static
../HAL_Driver/Src/stm32f7xx_hal_irda.c:1495:19:HAL_IRDA_AbortReceive	16	static
../HAL_Driver/Src/stm32f7xx_hal_irda.c:1553:19:HAL_IRDA_Abort_IT	24	static
../HAL_Driver/Src/stm32f7xx_hal_irda.c:1685:19:HAL_IRDA_AbortTransmit_IT	16	static
../HAL_Driver/Src/stm32f7xx_hal_irda.c:1763:19:HAL_IRDA_AbortReceive_IT	16	static
../HAL_Driver/Src/stm32f7xx_hal_irda.c:1839:6:HAL_IRDA_IRQHandler	40	static
../HAL_Driver/Src/stm32f7xx_hal_irda.c:1999:13:HAL_IRDA_TxCpltCallback	16	static
../HAL_Driver/Src/stm32f7xx_hal_irda.c:2015:13:HAL_IRDA_TxHalfCpltCallback	16	static
../HAL_Driver/Src/stm32f7xx_hal_irda.c:2031:13:HAL_IRDA_RxCpltCallback	16	static
../HAL_Driver/Src/stm32f7xx_hal_irda.c:2047:13:HAL_IRDA_RxHalfCpltCallback	16	static
../HAL_Driver/Src/stm32f7xx_hal_irda.c:2063:13:HAL_IRDA_ErrorCallback	16	static
../HAL_Driver/Src/stm32f7xx_hal_irda.c:2079:13:HAL_IRDA_AbortCpltCallback	16	static
../HAL_Driver/Src/stm32f7xx_hal_irda.c:2095:13:HAL_IRDA_AbortTransmitCpltCallback	16	static
../HAL_Driver/Src/stm32f7xx_hal_irda.c:2111:13:HAL_IRDA_AbortReceiveCpltCallback	16	static
../HAL_Driver/Src/stm32f7xx_hal_irda.c:2150:23:HAL_IRDA_GetState	24	static
../HAL_Driver/Src/stm32f7xx_hal_irda.c:2166:10:HAL_IRDA_GetError	16	static
../HAL_Driver/Src/stm32f7xx_hal_irda.c:2210:26:IRDA_SetConfig	24	static
../HAL_Driver/Src/stm32f7xx_hal_irda.c:2284:26:IRDA_CheckIdleState	32	static
../HAL_Driver/Src/stm32f7xx_hal_irda.c:2325:26:IRDA_WaitOnFlagUntilTimeout	24	static
../HAL_Driver/Src/stm32f7xx_hal_irda.c:2358:13:IRDA_EndTxTransfer	16	static
../HAL_Driver/Src/stm32f7xx_hal_irda.c:2374:13:IRDA_EndRxTransfer	16	static
../HAL_Driver/Src/stm32f7xx_hal_irda.c:2391:13:IRDA_DMATransmitCplt	24	static
../HAL_Driver/Src/stm32f7xx_hal_irda.c:2427:13:IRDA_DMATransmitHalfCplt	24	static
../HAL_Driver/Src/stm32f7xx_hal_irda.c:2446:13:IRDA_DMAReceiveCplt	24	static
../HAL_Driver/Src/stm32f7xx_hal_irda.c:2482:13:IRDA_DMAReceiveHalfCplt	24	static
../HAL_Driver/Src/stm32f7xx_hal_irda.c:2501:13:IRDA_DMAError	24	static
../HAL_Driver/Src/stm32f7xx_hal_irda.c:2541:13:IRDA_DMAAbortOnError	24	static
../HAL_Driver/Src/stm32f7xx_hal_irda.c:2564:13:IRDA_DMATxAbortCallback	24	static
../HAL_Driver/Src/stm32f7xx_hal_irda.c:2612:13:IRDA_DMARxAbortCallback	24	static
../HAL_Driver/Src/stm32f7xx_hal_irda.c:2660:13:IRDA_DMATxOnlyAbortCallback	24	static
../HAL_Driver/Src/stm32f7xx_hal_irda.c:2687:13:IRDA_DMARxOnlyAbortCallback	24	static
../HAL_Driver/Src/stm32f7xx_hal_irda.c:2717:13:IRDA_Transmit_IT	24	static
../HAL_Driver/Src/stm32f7xx_hal_irda.c:2756:13:IRDA_EndTransmit_IT	16	static
../HAL_Driver/Src/stm32f7xx_hal_irda.c:2781:13:IRDA_Receive_IT	24	static
