../HAL_Driver/Src/stm32f7xx_hal_dfsdm.c:336:19:HAL_DFSDM_ChannelInit	16	static
../HAL_Driver/Src/stm32f7xx_hal_dfsdm.c:443:19:HAL_DFSDM_ChannelDeInit	16	static
../HAL_Driver/Src/stm32f7xx_hal_dfsdm.c:497:13:HAL_DFSDM_ChannelMspInit	16	static
../HAL_Driver/Src/stm32f7xx_hal_dfsdm.c:512:13:HAL_DFSDM_ChannelMspDeInit	16	static
../HAL_Driver/Src/stm32f7xx_hal_dfsdm.c:688:19:HAL_DFSDM_ChannelCkabStart	32	static
../HAL_Driver/Src/stm32f7xx_hal_dfsdm.c:741:19:HAL_DFSDM_ChannelPollForCkab	24	static
../HAL_Driver/Src/stm32f7xx_hal_dfsdm.c:791:19:HAL_DFSDM_ChannelCkabStop	24	static
../HAL_Driver/Src/stm32f7xx_hal_dfsdm.c:827:19:HAL_DFSDM_ChannelCkabStart_IT	32	static
../HAL_Driver/Src/stm32f7xx_hal_dfsdm.c:882:13:HAL_DFSDM_ChannelCkabCallback	16	static
../HAL_Driver/Src/stm32f7xx_hal_dfsdm.c:898:19:HAL_DFSDM_ChannelCkabStop_IT	24	static
../HAL_Driver/Src/stm32f7xx_hal_dfsdm.c:938:19:HAL_DFSDM_ChannelScdStart	32	static
../HAL_Driver/Src/stm32f7xx_hal_dfsdm.c:975:19:HAL_DFSDM_ChannelPollForScd	24	static
../HAL_Driver/Src/stm32f7xx_hal_dfsdm.c:1025:19:HAL_DFSDM_ChannelScdStop	24	static
../HAL_Driver/Src/stm32f7xx_hal_dfsdm.c:1062:19:HAL_DFSDM_ChannelScdStart_IT	32	static
../HAL_Driver/Src/stm32f7xx_hal_dfsdm.c:1101:13:HAL_DFSDM_ChannelScdCallback	16	static
../HAL_Driver/Src/stm32f7xx_hal_dfsdm.c:1117:19:HAL_DFSDM_ChannelScdStop_IT	24	static
../HAL_Driver/Src/stm32f7xx_hal_dfsdm.c:1152:9:HAL_DFSDM_ChannelGetAwdValue	16	static
../HAL_Driver/Src/stm32f7xx_hal_dfsdm.c:1164:19:HAL_DFSDM_ChannelModifyOffset	24	static
../HAL_Driver/Src/stm32f7xx_hal_dfsdm.c:1211:32:HAL_DFSDM_ChannelGetState	16	static
../HAL_Driver/Src/stm32f7xx_hal_dfsdm.c:1241:19:HAL_DFSDM_FilterInit	16	static
../HAL_Driver/Src/stm32f7xx_hal_dfsdm.c:1368:19:HAL_DFSDM_FilterDeInit	16	static
../HAL_Driver/Src/stm32f7xx_hal_dfsdm.c:1404:13:HAL_DFSDM_FilterMspInit	16	static
../HAL_Driver/Src/stm32f7xx_hal_dfsdm.c:1419:13:HAL_DFSDM_FilterMspDeInit	16	static
../HAL_Driver/Src/stm32f7xx_hal_dfsdm.c:1693:19:HAL_DFSDM_FilterConfigRegChannel	32	static
../HAL_Driver/Src/stm32f7xx_hal_dfsdm.c:1738:19:HAL_DFSDM_FilterConfigInjChannel	24	static
../HAL_Driver/Src/stm32f7xx_hal_dfsdm.c:1808:19:HAL_DFSDM_FilterRegularStart	24	static
../HAL_Driver/Src/stm32f7xx_hal_dfsdm.c:1837:19:HAL_DFSDM_FilterPollForRegConversion	24	static
../HAL_Driver/Src/stm32f7xx_hal_dfsdm.c:1902:19:HAL_DFSDM_FilterRegularStop	24	static
../HAL_Driver/Src/stm32f7xx_hal_dfsdm.c:1932:19:HAL_DFSDM_FilterRegularStart_IT	24	static
../HAL_Driver/Src/stm32f7xx_hal_dfsdm.c:1963:19:HAL_DFSDM_FilterRegularStop_IT	24	static
../HAL_Driver/Src/stm32f7xx_hal_dfsdm.c:2001:19:HAL_DFSDM_FilterRegularStart_DMA	32	static
../HAL_Driver/Src/stm32f7xx_hal_dfsdm.c:2078:19:HAL_DFSDM_FilterRegularMsbStart_DMA	32	static
../HAL_Driver/Src/stm32f7xx_hal_dfsdm.c:2149:19:HAL_DFSDM_FilterRegularStop_DMA	24	static
../HAL_Driver/Src/stm32f7xx_hal_dfsdm.c:2188:9:HAL_DFSDM_FilterGetRegularValue	24	static
../HAL_Driver/Src/stm32f7xx_hal_dfsdm.c:2216:19:HAL_DFSDM_FilterInjectedStart	24	static
../HAL_Driver/Src/stm32f7xx_hal_dfsdm.c:2245:19:HAL_DFSDM_FilterPollForInjConversion	24	static
../HAL_Driver/Src/stm32f7xx_hal_dfsdm.c:2320:19:HAL_DFSDM_FilterInjectedStop	24	static
../HAL_Driver/Src/stm32f7xx_hal_dfsdm.c:2350:19:HAL_DFSDM_FilterInjectedStart_IT	24	static
../HAL_Driver/Src/stm32f7xx_hal_dfsdm.c:2381:19:HAL_DFSDM_FilterInjectedStop_IT	24	static
../HAL_Driver/Src/stm32f7xx_hal_dfsdm.c:2419:19:HAL_DFSDM_FilterInjectedStart_DMA	32	static
../HAL_Driver/Src/stm32f7xx_hal_dfsdm.c:2494:19:HAL_DFSDM_FilterInjectedMsbStart_DMA	32	static
../HAL_Driver/Src/stm32f7xx_hal_dfsdm.c:2563:19:HAL_DFSDM_FilterInjectedStop_DMA	24	static
../HAL_Driver/Src/stm32f7xx_hal_dfsdm.c:2602:9:HAL_DFSDM_FilterGetInjectedValue	24	static
../HAL_Driver/Src/stm32f7xx_hal_dfsdm.c:2629:19:HAL_DFSDM_FilterAwdStart_IT	24	static
../HAL_Driver/Src/stm32f7xx_hal_dfsdm.c:2678:19:HAL_DFSDM_FilterAwdStop_IT	24	static
../HAL_Driver/Src/stm32f7xx_hal_dfsdm.c:2718:19:HAL_DFSDM_FilterExdStart	24	static
../HAL_Driver/Src/stm32f7xx_hal_dfsdm.c:2749:19:HAL_DFSDM_FilterExdStop	32	static
../HAL_Driver/Src/stm32f7xx_hal_dfsdm.c:2787:9:HAL_DFSDM_FilterGetExdMaxValue	24	static
../HAL_Driver/Src/stm32f7xx_hal_dfsdm.c:2815:9:HAL_DFSDM_FilterGetExdMinValue	24	static
../HAL_Driver/Src/stm32f7xx_hal_dfsdm.c:2842:10:HAL_DFSDM_FilterGetConvTimeValue	24	static
../HAL_Driver/Src/stm32f7xx_hal_dfsdm.c:2865:6:HAL_DFSDM_IRQHandler	48	static
../HAL_Driver/Src/stm32f7xx_hal_dfsdm.c:3054:13:HAL_DFSDM_FilterRegConvCpltCallback	16	static
../HAL_Driver/Src/stm32f7xx_hal_dfsdm.c:3069:13:HAL_DFSDM_FilterRegConvHalfCpltCallback	16	static
../HAL_Driver/Src/stm32f7xx_hal_dfsdm.c:3086:13:HAL_DFSDM_FilterInjConvCpltCallback	16	static
../HAL_Driver/Src/stm32f7xx_hal_dfsdm.c:3101:13:HAL_DFSDM_FilterInjConvHalfCpltCallback	16	static
../HAL_Driver/Src/stm32f7xx_hal_dfsdm.c:3118:13:HAL_DFSDM_FilterAwdCallback	24	static
../HAL_Driver/Src/stm32f7xx_hal_dfsdm.c:3136:13:HAL_DFSDM_FilterErrorCallback	16	static
../HAL_Driver/Src/stm32f7xx_hal_dfsdm.c:3169:31:HAL_DFSDM_FilterGetState	16	static
../HAL_Driver/Src/stm32f7xx_hal_dfsdm.c:3180:10:HAL_DFSDM_FilterGetError	16	static
../HAL_Driver/Src/stm32f7xx_hal_dfsdm.c:3204:13:DFSDM_DMARegularHalfConvCplt	24	static
../HAL_Driver/Src/stm32f7xx_hal_dfsdm.c:3222:13:DFSDM_DMARegularConvCplt	24	static
../HAL_Driver/Src/stm32f7xx_hal_dfsdm.c:3240:13:DFSDM_DMAInjectedHalfConvCplt	24	static
../HAL_Driver/Src/stm32f7xx_hal_dfsdm.c:3258:13:DFSDM_DMAInjectedConvCplt	24	static
../HAL_Driver/Src/stm32f7xx_hal_dfsdm.c:3276:13:DFSDM_DMAError	24	static
../HAL_Driver/Src/stm32f7xx_hal_dfsdm.c:3297:17:DFSDM_GetInjChannelsNbr	24	static
../HAL_Driver/Src/stm32f7xx_hal_dfsdm.c:3320:17:DFSDM_GetChannelFromInstance	24	static
../HAL_Driver/Src/stm32f7xx_hal_dfsdm.c:3366:13:DFSDM_RegConvStart	16	static
../HAL_Driver/Src/stm32f7xx_hal_dfsdm.c:3407:13:DFSDM_RegConvStop	16	static
../HAL_Driver/Src/stm32f7xx_hal_dfsdm.c:3443:13:DFSDM_InjConvStart	16	static
../HAL_Driver/Src/stm32f7xx_hal_dfsdm.c:3487:13:DFSDM_InjConvStop	16	static
