../HAL_Driver/Src/stm32f7xx_hal_smartcard.c:307:19:HAL_SMARTCARD_Init	16	static
../HAL_Driver/Src/stm32f7xx_hal_smartcard.c:380:19:HAL_SMARTCARD_DeInit	16	static
../HAL_Driver/Src/stm32f7xx_hal_smartcard.c:430:13:HAL_SMARTCARD_MspInit	16	static
../HAL_Driver/Src/stm32f7xx_hal_smartcard.c:446:13:HAL_SMARTCARD_MspDeInit	16	static
../HAL_Driver/Src/stm32f7xx_hal_smartcard.c:768:19:HAL_SMARTCARD_Transmit	40	static
../HAL_Driver/Src/stm32f7xx_hal_smartcard.c:851:19:HAL_SMARTCARD_Receive	40	static
../HAL_Driver/Src/stm32f7xx_hal_smartcard.c:911:19:HAL_SMARTCARD_Transmit_IT	24	static
../HAL_Driver/Src/stm32f7xx_hal_smartcard.c:972:19:HAL_SMARTCARD_Receive_IT	24	static
../HAL_Driver/Src/stm32f7xx_hal_smartcard.c:1021:19:HAL_SMARTCARD_Transmit_DMA	24	static
../HAL_Driver/Src/stm32f7xx_hal_smartcard.c:1109:19:HAL_SMARTCARD_Receive_DMA	24	static
../HAL_Driver/Src/stm32f7xx_hal_smartcard.c:1188:19:HAL_SMARTCARD_Abort	16	static
../HAL_Driver/Src/stm32f7xx_hal_smartcard.c:1274:19:HAL_SMARTCARD_AbortTransmit	16	static
../HAL_Driver/Src/stm32f7xx_hal_smartcard.c:1336:19:HAL_SMARTCARD_AbortReceive	16	static
../HAL_Driver/Src/stm32f7xx_hal_smartcard.c:1401:19:HAL_SMARTCARD_Abort_IT	24	static
../HAL_Driver/Src/stm32f7xx_hal_smartcard.c:1537:19:HAL_SMARTCARD_AbortTransmit_IT	16	static
../HAL_Driver/Src/stm32f7xx_hal_smartcard.c:1631:19:HAL_SMARTCARD_AbortReceive_IT	16	static
../HAL_Driver/Src/stm32f7xx_hal_smartcard.c:1720:6:HAL_SMARTCARD_IRQHandler	40	static
../HAL_Driver/Src/stm32f7xx_hal_smartcard.c:1976:13:HAL_SMARTCARD_TxCpltCallback	16	static
../HAL_Driver/Src/stm32f7xx_hal_smartcard.c:1992:13:HAL_SMARTCARD_RxCpltCallback	16	static
../HAL_Driver/Src/stm32f7xx_hal_smartcard.c:2008:13:HAL_SMARTCARD_ErrorCallback	16	static
../HAL_Driver/Src/stm32f7xx_hal_smartcard.c:2024:13:HAL_SMARTCARD_AbortCpltCallback	16	static
../HAL_Driver/Src/stm32f7xx_hal_smartcard.c:2040:13:HAL_SMARTCARD_AbortTransmitCpltCallback	16	static
../HAL_Driver/Src/stm32f7xx_hal_smartcard.c:2056:13:HAL_SMARTCARD_AbortReceiveCpltCallback	16	static
../HAL_Driver/Src/stm32f7xx_hal_smartcard.c:2095:28:HAL_SMARTCARD_GetState	24	static
../HAL_Driver/Src/stm32f7xx_hal_smartcard.c:2111:10:HAL_SMARTCARD_GetError	16	static
../HAL_Driver/Src/stm32f7xx_hal_smartcard.c:2153:26:SMARTCARD_SetConfig	24	static
../HAL_Driver/Src/stm32f7xx_hal_smartcard.c:2267:13:SMARTCARD_AdvFeatureConfig	16	static
../HAL_Driver/Src/stm32f7xx_hal_smartcard.c:2329:26:SMARTCARD_CheckIdleState	32	static
../HAL_Driver/Src/stm32f7xx_hal_smartcard.c:2370:26:SMARTCARD_WaitOnFlagUntilTimeout	24	static
../HAL_Driver/Src/stm32f7xx_hal_smartcard.c:2403:13:SMARTCARD_EndTxTransfer	16	static
../HAL_Driver/Src/stm32f7xx_hal_smartcard.c:2420:13:SMARTCARD_EndRxTransfer	16	static
../HAL_Driver/Src/stm32f7xx_hal_smartcard.c:2437:13:SMARTCARD_DMATransmitCplt	24	static
../HAL_Driver/Src/stm32f7xx_hal_smartcard.c:2456:13:SMARTCARD_DMAReceiveCplt	24	static
../HAL_Driver/Src/stm32f7xx_hal_smartcard.c:2487:13:SMARTCARD_DMAError	24	static
../HAL_Driver/Src/stm32f7xx_hal_smartcard.c:2527:13:SMARTCARD_DMAAbortOnError	24	static
../HAL_Driver/Src/stm32f7xx_hal_smartcard.c:2550:13:SMARTCARD_DMATxAbortCallback	24	static
../HAL_Driver/Src/stm32f7xx_hal_smartcard.c:2597:13:SMARTCARD_DMARxAbortCallback	24	static
../HAL_Driver/Src/stm32f7xx_hal_smartcard.c:2644:13:SMARTCARD_DMATxOnlyAbortCallback	24	static
../HAL_Driver/Src/stm32f7xx_hal_smartcard.c:2673:13:SMARTCARD_DMARxOnlyAbortCallback	24	static
../HAL_Driver/Src/stm32f7xx_hal_smartcard.c:2702:13:SMARTCARD_TxISR	16	static
../HAL_Driver/Src/stm32f7xx_hal_smartcard.c:2730:13:SMARTCARD_EndTransmit_IT	16	static
../HAL_Driver/Src/stm32f7xx_hal_smartcard.c:2775:13:SMARTCARD_RxISR	16	static
