23:18:30 **** Incremental Build of configuration Debug for project 020_SDRAM_test ****
make -j12 all 
arm-none-eabi-gcc "../Core/Src/main.c" -mcpu=cortex-m7 -std=gnu11 -g3 -DDEBUG -DUSE_HAL_DRIVER -DSTM32F769xx -c -I../Core/Inc -I../Drivers/STM32F7xx_HAL_Driver/Inc -I../Drivers/STM32F7xx_HAL_Driver/Inc/Legacy -I../Drivers/CMSIS/Device/ST/STM32F7xx/Include -I../Drivers/CMSIS/Include -O0 -ffunction-sections -fdata-sections -Wall -fstack-usage -fcyclomatic-complexity -MMD -MP -MF"Core/Src/main.d" -MT"Core/Src/main.o" --specs=nano.specs -mfpu=fpv5-d16 -mfloat-abi=hard -mthumb -o "Core/Src/main.o"
../Core/Src/main.c: In function 'main':
../Core/Src/main.c:109:25: warning: variable 'test_err' set but not used [-Wunused-but-set-variable]
  109 |         struct Test_ERR test_err;
      |                         ^~~~~~~~
arm-none-eabi-gcc -o "020_SDRAM_test.elf" @"objects.list"   -mcpu=cortex-m7 -T"D:\__GitHub\discoF769\STM32CubeIDE\020_SDRAM_test\STM32F769NIHX_FLASH.ld" --specs=nosys.specs -Wl,-Map="020_SDRAM_test.map" -Wl,--gc-sections -static --specs=nano.specs -mfpu=fpv5-d16 -mfloat-abi=hard -mthumb -Wl,--start-group -lc -lm -Wl,--end-group
Finished building target: 020_SDRAM_test.elf
 
arm-none-eabi-size   020_SDRAM_test.elf 
arm-none-eabi-objdump -h -S  020_SDRAM_test.elf  > "020_SDRAM_test.list"
   text	   data	    bss	    dec	    hex	filename
  12772	    112	   1960	  14844	   39fc	020_SDRAM_test.elf
Finished building: default.size.stdout
 
Finished building: 020_SDRAM_test.list
 

23:18:31 Build Finished. 0 errors, 1 warnings. (took 651ms)

