Archive member included to satisfy reference by file (symbol)

C:/STM32/STM32CubeIDE/STM32CubeIDE/plugins/com.st.stm32cube.ide.mcu.externaltools.gnu-tools-for-stm32.11.3.rel1.win32_1.1.0.202305231506/tools/bin/../lib/gcc/arm-none-eabi/11.3.1/../../../../arm-none-eabi/lib/thumb/v7e-m+dp/hard\libc_nano.a(libc_a-exit.o)
                              C:/STM32/STM32CubeIDE/STM32CubeIDE/plugins/com.st.stm32cube.ide.mcu.externaltools.gnu-tools-for-stm32.11.3.rel1.win32_1.1.0.202305231506/tools/bin/../lib/gcc/arm-none-eabi/11.3.1/../../../../arm-none-eabi/lib/thumb/v7e-m+dp/hard/crt0.o (exit)
C:/STM32/STM32CubeIDE/STM32CubeIDE/plugins/com.st.stm32cube.ide.mcu.externaltools.gnu-tools-for-stm32.11.3.rel1.win32_1.1.0.202305231506/tools/bin/../lib/gcc/arm-none-eabi/11.3.1/../../../../arm-none-eabi/lib/thumb/v7e-m+dp/hard\libc_nano.a(libc_a-findfp.o)
                              C:/STM32/STM32CubeIDE/STM32CubeIDE/plugins/com.st.stm32cube.ide.mcu.externaltools.gnu-tools-for-stm32.11.3.rel1.win32_1.1.0.202305231506/tools/bin/../lib/gcc/arm-none-eabi/11.3.1/../../../../arm-none-eabi/lib/thumb/v7e-m+dp/hard\libc_nano.a(libc_a-exit.o) (__stdio_exit_handler)
C:/STM32/STM32CubeIDE/STM32CubeIDE/plugins/com.st.stm32cube.ide.mcu.externaltools.gnu-tools-for-stm32.11.3.rel1.win32_1.1.0.202305231506/tools/bin/../lib/gcc/arm-none-eabi/11.3.1/../../../../arm-none-eabi/lib/thumb/v7e-m+dp/hard\libc_nano.a(libc_a-fwalk.o)
                              C:/STM32/STM32CubeIDE/STM32CubeIDE/plugins/com.st.stm32cube.ide.mcu.externaltools.gnu-tools-for-stm32.11.3.rel1.win32_1.1.0.202305231506/tools/bin/../lib/gcc/arm-none-eabi/11.3.1/../../../../arm-none-eabi/lib/thumb/v7e-m+dp/hard\libc_nano.a(libc_a-findfp.o) (_fwalk_sglue)
C:/STM32/STM32CubeIDE/STM32CubeIDE/plugins/com.st.stm32cube.ide.mcu.externaltools.gnu-tools-for-stm32.11.3.rel1.win32_1.1.0.202305231506/tools/bin/../lib/gcc/arm-none-eabi/11.3.1/../../../../arm-none-eabi/lib/thumb/v7e-m+dp/hard\libc_nano.a(libc_a-stdio.o)
                              C:/STM32/STM32CubeIDE/STM32CubeIDE/plugins/com.st.stm32cube.ide.mcu.externaltools.gnu-tools-for-stm32.11.3.rel1.win32_1.1.0.202305231506/tools/bin/../lib/gcc/arm-none-eabi/11.3.1/../../../../arm-none-eabi/lib/thumb/v7e-m+dp/hard\libc_nano.a(libc_a-findfp.o) (__sread)
C:/STM32/STM32CubeIDE/STM32CubeIDE/plugins/com.st.stm32cube.ide.mcu.externaltools.gnu-tools-for-stm32.11.3.rel1.win32_1.1.0.202305231506/tools/bin/../lib/gcc/arm-none-eabi/11.3.1/../../../../arm-none-eabi/lib/thumb/v7e-m+dp/hard\libc_nano.a(libc_a-memset.o)
                              C:/STM32/STM32CubeIDE/STM32CubeIDE/plugins/com.st.stm32cube.ide.mcu.externaltools.gnu-tools-for-stm32.11.3.rel1.win32_1.1.0.202305231506/tools/bin/../lib/gcc/arm-none-eabi/11.3.1/../../../../arm-none-eabi/lib/thumb/v7e-m+dp/hard/crt0.o (memset)
C:/STM32/STM32CubeIDE/STM32CubeIDE/plugins/com.st.stm32cube.ide.mcu.externaltools.gnu-tools-for-stm32.11.3.rel1.win32_1.1.0.202305231506/tools/bin/../lib/gcc/arm-none-eabi/11.3.1/../../../../arm-none-eabi/lib/thumb/v7e-m+dp/hard\libc_nano.a(libc_a-closer.o)
                              C:/STM32/STM32CubeIDE/STM32CubeIDE/plugins/com.st.stm32cube.ide.mcu.externaltools.gnu-tools-for-stm32.11.3.rel1.win32_1.1.0.202305231506/tools/bin/../lib/gcc/arm-none-eabi/11.3.1/../../../../arm-none-eabi/lib/thumb/v7e-m+dp/hard\libc_nano.a(libc_a-stdio.o) (_close_r)
C:/STM32/STM32CubeIDE/STM32CubeIDE/plugins/com.st.stm32cube.ide.mcu.externaltools.gnu-tools-for-stm32.11.3.rel1.win32_1.1.0.202305231506/tools/bin/../lib/gcc/arm-none-eabi/11.3.1/../../../../arm-none-eabi/lib/thumb/v7e-m+dp/hard\libc_nano.a(libc_a-reent.o)
                              C:/STM32/STM32CubeIDE/STM32CubeIDE/plugins/com.st.stm32cube.ide.mcu.externaltools.gnu-tools-for-stm32.11.3.rel1.win32_1.1.0.202305231506/tools/bin/../lib/gcc/arm-none-eabi/11.3.1/../../../../arm-none-eabi/lib/thumb/v7e-m+dp/hard\libc_nano.a(libc_a-closer.o) (errno)
C:/STM32/STM32CubeIDE/STM32CubeIDE/plugins/com.st.stm32cube.ide.mcu.externaltools.gnu-tools-for-stm32.11.3.rel1.win32_1.1.0.202305231506/tools/bin/../lib/gcc/arm-none-eabi/11.3.1/../../../../arm-none-eabi/lib/thumb/v7e-m+dp/hard\libc_nano.a(libc_a-impure.o)
                              C:/STM32/STM32CubeIDE/STM32CubeIDE/plugins/com.st.stm32cube.ide.mcu.externaltools.gnu-tools-for-stm32.11.3.rel1.win32_1.1.0.202305231506/tools/bin/../lib/gcc/arm-none-eabi/11.3.1/../../../../arm-none-eabi/lib/thumb/v7e-m+dp/hard\libc_nano.a(libc_a-reent.o) (_impure_ptr)
C:/STM32/STM32CubeIDE/STM32CubeIDE/plugins/com.st.stm32cube.ide.mcu.externaltools.gnu-tools-for-stm32.11.3.rel1.win32_1.1.0.202305231506/tools/bin/../lib/gcc/arm-none-eabi/11.3.1/../../../../arm-none-eabi/lib/thumb/v7e-m+dp/hard\libc_nano.a(libc_a-lseekr.o)
[...]
Memory Configuration

Name             Origin             Length             Attributes
RAM              0x0000000020000000 0x0000000000080000 xrw
FLASH            0x0000000008000000 0x0000000000200000 xr
*default*        0x0000000000000000 0xffffffffffffffff

Linker script and memory map

LOAD C:/STM32/STM32CubeIDE/STM32CubeIDE/plugins/com.st.stm32cube.ide.mcu.externaltools.gnu-tools-for-stm32.11.3.rel1.win32_1.1.0.202305231506/tools/bin/../lib/gcc/arm-none-eabi/11.3.1/thumb/v7e-m+dp/hard/crti.o
LOAD C:/STM32/STM32CubeIDE/STM32CubeIDE/plugins/com.st.stm32cube.ide.mcu.externaltools.gnu-tools-for-stm32.11.3.rel1.win32_1.1.0.202305231506/tools/bin/../lib/gcc/arm-none-eabi/11.3.1/thumb/v7e-m+dp/hard/crtbegin.o
LOAD C:/STM32/STM32CubeIDE/STM32CubeIDE/plugins/com.st.stm32cube.ide.mcu.externaltools.gnu-tools-for-stm32.11.3.rel1.win32_1.1.0.202305231506/tools/bin/../lib/gcc/arm-none-eabi/11.3.1/../../../../arm-none-eabi/lib/thumb/v7e-m+dp/hard/crt0.o
LOAD ./Core/Src/main.o
LOAD ./Core/Src/myMain.o
LOAD ./Core/Src/stm32f7xx_hal_msp.o
LOAD ./Core/Src/stm32f7xx_it.o
LOAD ./Core/Src/syscalls.o
LOAD ./Core/Src/sysmem.o
LOAD ./Core/Src/system_stm32f7xx.o
LOAD ./Core/Startup/startup_stm32f769nihx.o
LOAD ./Drivers/STM32F7xx_HAL_Driver/Src/stm32f7xx_hal.o
LOAD ./Drivers/STM32F7xx_HAL_Driver/Src/stm32f7xx_hal_cortex.o
LOAD ./Drivers/STM32F7xx_HAL_Driver/Src/stm32f7xx_hal_dma.o
LOAD ./Drivers/STM32F7xx_HAL_Driver/Src/stm32f7xx_hal_dma_ex.o
LOAD ./Drivers/STM32F7xx_HAL_Driver/Src/stm32f7xx_hal_exti.o
LOAD ./Drivers/STM32F7xx_HAL_Driver/Src/stm32f7xx_hal_flash.o
LOAD ./Drivers/STM32F7xx_HAL_Driver/Src/stm32f7xx_hal_flash_ex.o
LOAD ./Drivers/STM32F7xx_HAL_Driver/Src/stm32f7xx_hal_gpio.o
LOAD ./Drivers/STM32F7xx_HAL_Driver/Src/stm32f7xx_hal_i2c.o
LOAD ./Drivers/STM32F7xx_HAL_Driver/Src/stm32f7xx_hal_i2c_ex.o
LOAD ./Drivers/STM32F7xx_HAL_Driver/Src/stm32f7xx_hal_pwr.o
LOAD ./Drivers/STM32F7xx_HAL_Driver/Src/stm32f7xx_hal_pwr_ex.o
LOAD ./Drivers/STM32F7xx_HAL_Driver/Src/stm32f7xx_hal_rcc.o
LOAD ./Drivers/STM32F7xx_HAL_Driver/Src/stm32f7xx_hal_rcc_ex.o
LOAD ./Drivers/STM32F7xx_HAL_Driver/Src/stm32f7xx_hal_spi.o
LOAD ./Drivers/STM32F7xx_HAL_Driver/Src/stm32f7xx_hal_spi_ex.o
LOAD ./Drivers/STM32F7xx_HAL_Driver/Src/stm32f7xx_hal_tim.o
LOAD ./Drivers/STM32F7xx_HAL_Driver/Src/stm32f7xx_hal_tim_ex.o
START GROUP
LOAD C:/STM32/STM32CubeIDE/STM32CubeIDE/plugins/com.st.stm32cube.ide.mcu.externaltools.gnu-tools-for-stm32.11.3.rel1.win32_1.1.0.202305231506/tools/bin/../lib/gcc/arm-none-eabi/11.3.1/../../../../arm-none-eabi/lib/thumb/v7e-m+dp/hard\libc_nano.a
LOAD C:/STM32/STM32CubeIDE/STM32CubeIDE/plugins/com.st.stm32cube.ide.mcu.externaltools.gnu-tools-for-stm32.11.3.rel1.win32_1.1.0.202305231506/tools/bin/../lib/gcc/arm-none-eabi/11.3.1/../../../../arm-none-eabi/lib/thumb/v7e-m+dp/hard\libm.a
END GROUP
START GROUP
LOAD C:/STM32/STM32CubeIDE/STM32CubeIDE/plugins/com.st.stm32cube.ide.mcu.externaltools.gnu-tools-for-stm32.11.3.rel1.win32_1.1.0.202305231506/tools/bin/../lib/gcc/arm-none-eabi/11.3.1/thumb/v7e-m+dp/hard\libgcc.a
LOAD C:/STM32/STM32CubeIDE/STM32CubeIDE/plugins/com.st.stm32cube.ide.mcu.externaltools.gnu-tools-for-stm32.11.3.rel1.win32_1.1.0.202305231506/tools/bin/../lib/gcc/arm-none-eabi/11.3.1/../../../../arm-none-eabi/lib/thumb/v7e-m+dp/hard\libc_nano.a
END GROUP
START GROUP
LOAD C:/STM32/STM32CubeIDE/STM32CubeIDE/plugins/com.st.stm32cube.ide.mcu.externaltools.gnu-tools-for-stm32.11.3.rel1.win32_1.1.0.202305231506/tools/bin/../lib/gcc/arm-none-eabi/11.3.1/thumb/v7e-m+dp/hard\libgcc.a
LOAD C:/STM32/STM32CubeIDE/STM32CubeIDE/plugins/com.st.stm32cube.ide.mcu.externaltools.gnu-tools-for-stm32.11.3.rel1.win32_1.1.0.202305231506/tools/bin/../lib/gcc/arm-none-eabi/11.3.1/../../../../arm-none-eabi/lib/thumb/v7e-m+dp/hard\libc_nano.a
LOAD C:/STM32/STM32CubeIDE/STM32CubeIDE/plugins/com.st.stm32cube.ide.mcu.externaltools.gnu-tools-for-stm32.11.3.rel1.win32_1.1.0.202305231506/tools/bin/../lib/gcc/arm-none-eabi/11.3.1/../../../../arm-none-eabi/lib/thumb/v7e-m+dp/hard\libnosys.a
END GROUP
START GROUP
LOAD C:/STM32/STM32CubeIDE/STM32CubeIDE/plugins/com.st.stm32cube.ide.mcu.externaltools.gnu-tools-for-stm32.11.3.rel1.win32_1.1.0.202305231506/tools/bin/../lib/gcc/arm-none-eabi/11.3.1/thumb/v7e-m+dp/hard\libgcc.a
LOAD C:/STM32/STM32CubeIDE/STM32CubeIDE/plugins/com.st.stm32cube.ide.mcu.externaltools.gnu-tools-for-stm32.11.3.rel1.win32_1.1.0.202305231506/tools/bin/../lib/gcc/arm-none-eabi/11.3.1/../../../../arm-none-eabi/lib/thumb/v7e-m+dp/hard\libc_nano.a
LOAD C:/STM32/STM32CubeIDE/STM32CubeIDE/plugins/com.st.stm32cube.ide.mcu.externaltools.gnu-tools-for-stm32.11.3.rel1.win32_1.1.0.202305231506/tools/bin/../lib/gcc/arm-none-eabi/11.3.1/../../../../arm-none-eabi/lib/thumb/v7e-m+dp/hard\libnosys.a
END GROUP
LOAD C:/STM32/STM32CubeIDE/STM32CubeIDE/plugins/com.st.stm32cube.ide.mcu.externaltools.gnu-tools-for-stm32.11.3.rel1.win32_1.1.0.202305231506/tools/bin/../lib/gcc/arm-none-eabi/11.3.1/thumb/v7e-m+dp/hard/crtend.o
LOAD C:/STM32/STM32CubeIDE/STM32CubeIDE/plugins/com.st.stm32cube.ide.mcu.externaltools.gnu-tools-for-stm32.11.3.rel1.win32_1.1.0.202305231506/tools/bin/../lib/gcc/arm-none-eabi/11.3.1/thumb/v7e-m+dp/hard/crtn.o
                0x0000000020080000                _estack = (ORIGIN (RAM) + LENGTH (RAM))
                0x0000000000000200                _Min_Heap_Size = 0x200
                0x0000000000000400                _Min_Stack_Size = 0x400

.isr_vector     0x0000000008000000      0x1f8
                0x0000000008000000                . = ALIGN (0x4)
 *(.isr_vector)
 .isr_vector    0x0000000008000000      0x1f8 ./Core/Startup/startup_stm32f769nihx.o
                0x0000000008000000                g_pfnVectors
                0x00000000080001f8                . = ALIGN (0x4)

.text           0x00000000080001f8     0x2a4c
                0x00000000080001f8                . = ALIGN (0x4)
 *(.text)
 .text          0x00000000080001f8       0x40 C:/STM32/STM32CubeIDE/STM32CubeIDE/plugins/com.st.stm32cube.ide.mcu.externaltools.gnu-tools-for-stm32.11.3.rel1.win32_1.1.0.202305231506/tools/bin/../lib/gcc/arm-none-eabi/11.3.1/thumb/v7e-m+dp/hard/crtbegin.o
 .text          0x0000000008000238       0x30 C:/STM32/STM32CubeIDE/STM32CubeIDE/plugins/com.st.stm32cube.ide.mcu.externaltools.gnu-tools-for-stm32.11.3.rel1.win32_1.1.0.202305231506/tools/bin/../lib/gcc/arm-none-eabi/11.3.1/thumb/v7e-m+dp/hard\libgcc.a(_aeabi_uldivmod.o)
                0x0000000008000238                __aeabi_uldivmod
 .text          0x0000000008000268      0x2c8 C:/STM32/STM32CubeIDE/STM32CubeIDE/plugins/com.st.stm32cube.ide.mcu.externaltools.gnu-tools-for-stm32.11.3.rel1.win32_1.1.0.202305231506/tools/bin/../lib/gcc/arm-none-eabi/11.3.1/thumb/v7e-m+dp/hard\libgcc.a(_udivmoddi4.o)
                0x0000000008000268                __udivmoddi4
 .text          0x0000000008000530        0x4 C:/STM32/STM32CubeIDE/STM32CubeIDE/plugins/com.st.stm32cube.ide.mcu.externaltools.gnu-tools-for-stm32.11.3.rel1.win32_1.1.0.202305231506/tools/bin/../lib/gcc/arm-none-eabi/11.3.1/thumb/v7e-m+dp/hard\libgcc.a(_dvmd_tls.o)
                0x0000000008000530                __aeabi_idiv0
                0x0000000008000530                __aeabi_ldiv0
 *(.text*)
 .text.SCB_EnableICache
                0x0000000008000534       0x4c ./Core/Src/main.o
 .text.SCB_EnableDCache
                0x0000000008000580       0x88 ./Core/Src/main.o
 .text.main     0x0000000008000608       0x2a ./Core/Src/main.o
                0x0000000008000608                main
 *fill*         0x0000000008000632        0x2 
 .text.SystemClock_Config
                0x0000000008000634       0xdc ./Core/Src/main.o
                0x0000000008000634                SystemClock_Config
 .text.MX_SPI2_Init
                0x0000000008000710       0x7c ./Core/Src/main.o
 .text.MX_DMA_Init
                0x000000000800078c       0x3c ./Core/Src/main.o
 .text.MX_GPIO_Init
                0x00000000080007c8       0x98 ./Core/Src/main.o
 .text.Error_Handler
                0x0000000008000860        0xa ./Core/Src/main.o
                0x0000000008000860                Error_Handler
 *fill*         0x000000000800086a        0x2 
 .text.setup    0x000000000800086c       0x38 ./Core/Src/myMain.o
                0x000000000800086c                setup
 .text.loop     0x00000000080008a4       0x18 ./Core/Src/myMain.o
                0x00000000080008a4                loop
 .text.HAL_MspInit
                0x00000000080008bc       0x48 ./Core/Src/stm32f7xx_hal_msp.o
                0x00000000080008bc                HAL_MspInit
 .text.HAL_SPI_MspInit
                0x0000000008000904      0x13c ./Core/Src/stm32f7xx_hal_msp.o
                0x0000000008000904                HAL_SPI_MspInit
 .text.NMI_Handler
                0x0000000008000a40        0x6 ./Core/Src/stm32f7xx_it.o
                0x0000000008000a40                NMI_Handler
 .text.HardFault_Handler
                0x0000000008000a46        0x6 ./Core/Src/stm32f7xx_it.o
                0x0000000008000a46                HardFault_Handler
 .text.MemManage_Handler
                0x0000000008000a4c        0x6 ./Core/Src/stm32f7xx_it.o
                0x0000000008000a4c                MemManage_Handler
 .text.BusFault_Handler
                0x0000000008000a52        0x6 ./Core/Src/stm32f7xx_it.o
                0x0000000008000a52                BusFault_Handler
 .text.UsageFault_Handler
                0x0000000008000a58        0x6 ./Core/Src/stm32f7xx_it.o
                0x0000000008000a58                UsageFault_Handler
 .text.SVC_Handler
                0x0000000008000a5e        0xe ./Core/Src/stm32f7xx_it.o
                0x0000000008000a5e                SVC_Handler
 .text.DebugMon_Handler
                0x0000000008000a6c        0xe ./Core/Src/stm32f7xx_it.o
                0x0000000008000a6c                DebugMon_Handler
 .text.PendSV_Handler
                0x0000000008000a7a        0xe ./Core/Src/stm32f7xx_it.o
                0x0000000008000a7a                PendSV_Handler
 .text.SysTick_Handler
                0x0000000008000a88        0xc ./Core/Src/stm32f7xx_it.o
                0x0000000008000a88                SysTick_Handler
 .text.DMA1_Stream4_IRQHandler
                0x0000000008000a94       0x14 ./Core/Src/stm32f7xx_it.o
                0x0000000008000a94                DMA1_Stream4_IRQHandler
 .text.SPI2_IRQHandler
                0x0000000008000aa8       0x14 ./Core/Src/stm32f7xx_it.o
                0x0000000008000aa8                SPI2_IRQHandler
 .text.SystemInit
                0x0000000008000abc       0x24 ./Core/Src/system_stm32f7xx.o
                0x0000000008000abc                SystemInit
 .text.Reset_Handler
                0x0000000008000ae0       0x50 ./Core/Startup/startup_stm32f769nihx.o
                0x0000000008000ae0                Reset_Handler
 .text.Default_Handler
                0x0000000008000b30        0x2 ./Core/Startup/startup_stm32f769nihx.o
                0x0000000008000b30                RTC_Alarm_IRQHandler
                0x0000000008000b30                EXTI2_IRQHandler
                0x0000000008000b30                TIM8_CC_IRQHandler
                0x0000000008000b30                UART8_IRQHandler
                0x0000000008000b30                SPI4_IRQHandler
                0x0000000008000b30                TIM1_CC_IRQHandler
                0x0000000008000b30                DMA2_Stream5_IRQHandler
                0x0000000008000b30                JPEG_IRQHandler
                0x0000000008000b30                DMA1_Stream5_IRQHandler
                0x0000000008000b30                CAN3_RX1_IRQHandler
                0x0000000008000b30                PVD_IRQHandler
                0x0000000008000b30                TAMP_STAMP_IRQHandler
                0x0000000008000b30                CAN2_RX1_IRQHandler
                0x0000000008000b30                EXTI3_IRQHandler
                0x0000000008000b30                TIM8_TRG_COM_TIM14_IRQHandler
                0x0000000008000b30                DFSDM1_FLT1_IRQHandler
                0x0000000008000b30                TIM1_UP_TIM10_IRQHandler
                0x0000000008000b30                TIM8_UP_TIM13_IRQHandler
                0x0000000008000b30                I2C3_ER_IRQHandler
                0x0000000008000b30                DFSDM1_FLT2_IRQHandler
                0x0000000008000b30                EXTI0_IRQHandler
                0x0000000008000b30                I2C2_EV_IRQHandler
                0x0000000008000b30                DMA1_Stream2_IRQHandler
                0x0000000008000b30                CAN1_RX0_IRQHandler
                0x0000000008000b30                FPU_IRQHandler
                0x0000000008000b30                OTG_HS_WKUP_IRQHandler
                0x0000000008000b30                CAN3_SCE_IRQHandler
                0x0000000008000b30                LTDC_ER_IRQHandler
                0x0000000008000b30                CAN2_SCE_IRQHandler
                0x0000000008000b30                DMA2_Stream2_IRQHandler
                0x0000000008000b30                SPI1_IRQHandler
                0x0000000008000b30                TIM6_DAC_IRQHandler
                0x0000000008000b30                TIM1_BRK_TIM9_IRQHandler
                0x0000000008000b30                DCMI_IRQHandler
                0x0000000008000b30                CAN2_RX0_IRQHandler
                0x0000000008000b30                DMA2_Stream3_IRQHandler
                0x0000000008000b30                SAI2_IRQHandler
                0x0000000008000b30                DFSDM1_FLT3_IRQHandler
                0x0000000008000b30                USART6_IRQHandler
                0x0000000008000b30                CAN3_RX0_IRQHandler
                0x0000000008000b30                USART3_IRQHandler
                0x0000000008000b30                CAN1_RX1_IRQHandler
                0x0000000008000b30                UART5_IRQHandler
                0x0000000008000b30                DMA2_Stream0_IRQHandler
                0x0000000008000b30                TIM4_IRQHandler
                0x0000000008000b30                QUADSPI_IRQHandler
                0x0000000008000b30                I2C1_EV_IRQHandler
                0x0000000008000b30                DMA1_Stream6_IRQHandler
                0x0000000008000b30                DMA1_Stream1_IRQHandler
                0x0000000008000b30                UART4_IRQHandler
                0x0000000008000b30                TIM3_IRQHandler
                0x0000000008000b30                RCC_IRQHandler
                0x0000000008000b30                TIM8_BRK_TIM12_IRQHandler
                0x0000000008000b30                Default_Handler
                0x0000000008000b30                CEC_IRQHandler
                0x0000000008000b30                EXTI15_10_IRQHandler
                0x0000000008000b30                ADC_IRQHandler
                0x0000000008000b30                DMA1_Stream7_IRQHandler
                0x0000000008000b30                SPI5_IRQHandler
                0x0000000008000b30                TIM7_IRQHandler
                0x0000000008000b30                SDMMC1_IRQHandler
                0x0000000008000b30                CAN2_TX_IRQHandler
                0x0000000008000b30                TIM5_IRQHandler
                0x0000000008000b30                DMA2_Stream7_IRQHandler
                0x0000000008000b30                I2C3_EV_IRQHandler
                0x0000000008000b30                EXTI9_5_IRQHandler
                0x0000000008000b30                RTC_WKUP_IRQHandler
                0x0000000008000b30                LTDC_IRQHandler
                0x0000000008000b30                ETH_WKUP_IRQHandler
                0x0000000008000b30                SPDIF_RX_IRQHandler
                0x0000000008000b30                OTG_HS_EP1_IN_IRQHandler
                0x0000000008000b30                DMA1_Stream0_IRQHandler
                0x0000000008000b30                CAN1_TX_IRQHandler
                0x0000000008000b30                EXTI4_IRQHandler
                0x0000000008000b30                RNG_IRQHandler
                0x0000000008000b30                DSI_IRQHandler
                0x0000000008000b30                ETH_IRQHandler
                0x0000000008000b30                OTG_HS_EP1_OUT_IRQHandler
                0x0000000008000b30                WWDG_IRQHandler
                0x0000000008000b30                SPI6_IRQHandler
                0x0000000008000b30                MDIOS_IRQHandler
                0x0000000008000b30                I2C4_EV_IRQHandler
                0x0000000008000b30                CAN3_TX_IRQHandler
                0x0000000008000b30                TIM2_IRQHandler
                0x0000000008000b30                OTG_FS_WKUP_IRQHandler
                0x0000000008000b30                TIM1_TRG_COM_TIM11_IRQHandler
                0x0000000008000b30                OTG_HS_IRQHandler
                0x0000000008000b30                DMA2D_IRQHandler
                0x0000000008000b30                EXTI1_IRQHandler
                0x0000000008000b30                SDMMC2_IRQHandler
                0x0000000008000b30                UART7_IRQHandler
                0x0000000008000b30                USART2_IRQHandler
                0x0000000008000b30                DFSDM1_FLT0_IRQHandler
                0x0000000008000b30                I2C2_ER_IRQHandler
                0x0000000008000b30                DMA2_Stream1_IRQHandler
                0x0000000008000b30                CAN1_SCE_IRQHandler
                0x0000000008000b30                FLASH_IRQHandler
                0x0000000008000b30                DMA2_Stream4_IRQHandler
                0x0000000008000b30                USART1_IRQHandler
                0x0000000008000b30                OTG_FS_IRQHandler
                0x0000000008000b30                SPI3_IRQHandler
                0x0000000008000b30                I2C1_ER_IRQHandler
                0x0000000008000b30                FMC_IRQHandler
                0x0000000008000b30                LPTIM1_IRQHandler
                0x0000000008000b30                I2C4_ER_IRQHandler
                0x0000000008000b30                DMA2_Stream6_IRQHandler
                0x0000000008000b30                SAI1_IRQHandler
                0x0000000008000b30                DMA1_Stream3_IRQHandler
 .text.HAL_Init
                0x0000000008000b32       0x1a ./Drivers/STM32F7xx_HAL_Driver/Src/stm32f7xx_hal.o
                0x0000000008000b32                HAL_Init
 .text.HAL_InitTick
                0x0000000008000b4c       0x60 ./Drivers/STM32F7xx_HAL_Driver/Src/stm32f7xx_hal.o
                0x0000000008000b4c                HAL_InitTick
 .text.HAL_IncTick
                0x0000000008000bac       0x28 ./Drivers/STM32F7xx_HAL_Driver/Src/stm32f7xx_hal.o
                0x0000000008000bac                HAL_IncTick
 .text.HAL_GetTick
                0x0000000008000bd4       0x18 ./Drivers/STM32F7xx_HAL_Driver/Src/stm32f7xx_hal.o
                0x0000000008000bd4                HAL_GetTick
 .text.__NVIC_SetPriorityGrouping
                0x0000000008000bec       0x48 ./Drivers/STM32F7xx_HAL_Driver/Src/stm32f7xx_hal_cortex.o
 .text.__NVIC_GetPriorityGrouping
                0x0000000008000c34       0x1c ./Drivers/STM32F7xx_HAL_Driver/Src/stm32f7xx_hal_cortex.o
 .text.__NVIC_EnableIRQ
                0x0000000008000c50       0x3c ./Drivers/STM32F7xx_HAL_Driver/Src/stm32f7xx_hal_cortex.o
 .text.__NVIC_SetPriority
                0x0000000008000c8c       0x54 ./Drivers/STM32F7xx_HAL_Driver/Src/stm32f7xx_hal_cortex.o
 .text.NVIC_EncodePriority
                0x0000000008000ce0       0x66 ./Drivers/STM32F7xx_HAL_Driver/Src/stm32f7xx_hal_cortex.o
 *fill*         0x0000000008000d46        0x2 
 .text.SysTick_Config
                0x0000000008000d48       0x44 ./Drivers/STM32F7xx_HAL_Driver/Src/stm32f7xx_hal_cortex.o
 .text.HAL_NVIC_SetPriorityGrouping
                0x0000000008000d8c       0x16 ./Drivers/STM32F7xx_HAL_Driver/Src/stm32f7xx_hal_cortex.o
                0x0000000008000d8c                HAL_NVIC_SetPriorityGrouping
 .text.HAL_NVIC_SetPriority
                0x0000000008000da2       0x38 ./Drivers/STM32F7xx_HAL_Driver/Src/stm32f7xx_hal_cortex.o
                0x0000000008000da2                HAL_NVIC_SetPriority
 .text.HAL_NVIC_EnableIRQ
                0x0000000008000dda       0x1c ./Drivers/STM32F7xx_HAL_Driver/Src/stm32f7xx_hal_cortex.o
                0x0000000008000dda                HAL_NVIC_EnableIRQ
 .text.HAL_SYSTICK_Config
                0x0000000008000df6       0x18 ./Drivers/STM32F7xx_HAL_Driver/Src/stm32f7xx_hal_cortex.o
                0x0000000008000df6                HAL_SYSTICK_Config
 *fill*         0x0000000008000e0e        0x2 
 .text.HAL_DMA_Init
                0x0000000008000e10      0x15c ./Drivers/STM32F7xx_HAL_Driver/Src/stm32f7xx_hal_dma.o
                0x0000000008000e10                HAL_DMA_Init
 .text.HAL_DMA_Start_IT
                0x0000000008000f6c       0xc0 ./Drivers/STM32F7xx_HAL_Driver/Src/stm32f7xx_hal_dma.o
                0x0000000008000f6c                HAL_DMA_Start_IT
 .text.HAL_DMA_Abort_IT
                0x000000000800102c       0x44 ./Drivers/STM32F7xx_HAL_Driver/Src/stm32f7xx_hal_dma.o
                0x000000000800102c                HAL_DMA_Abort_IT
 .text.HAL_DMA_IRQHandler
                0x0000000008001070      0x314 ./Drivers/STM32F7xx_HAL_Driver/Src/stm32f7xx_hal_dma.o
                0x0000000008001070                HAL_DMA_IRQHandler
 .text.DMA_SetConfig
                0x0000000008001384       0x5c ./Drivers/STM32F7xx_HAL_Driver/Src/stm32f7xx_hal_dma.o
 .text.DMA_CalcBaseAndBitshift
                0x00000000080013e0       0x6c ./Drivers/STM32F7xx_HAL_Driver/Src/stm32f7xx_hal_dma.o
 .text.DMA_CheckFifoParam
                0x000000000800144c       0xf8 ./Drivers/STM32F7xx_HAL_Driver/Src/stm32f7xx_hal_dma.o
 .text.HAL_GPIO_Init
                0x0000000008001544      0x358 ./Drivers/STM32F7xx_HAL_Driver/Src/stm32f7xx_hal_gpio.o
                0x0000000008001544                HAL_GPIO_Init
 .text.HAL_GPIO_WritePin
                0x000000000800189c       0x32 ./Drivers/STM32F7xx_HAL_Driver/Src/stm32f7xx_hal_gpio.o
                0x000000000800189c                HAL_GPIO_WritePin
 *fill*         0x00000000080018ce        0x2 
 .text.HAL_PWREx_EnableOverDrive
                0x00000000080018d0       0xa0 ./Drivers/STM32F7xx_HAL_Driver/Src/stm32f7xx_hal_pwr_ex.o
                0x00000000080018d0                HAL_PWREx_EnableOverDrive
 .text.HAL_RCC_OscConfig
                0x0000000008001970      0x55c ./Drivers/STM32F7xx_HAL_Driver/Src/stm32f7xx_hal_rcc.o
                0x0000000008001970                HAL_RCC_OscConfig
 .text.HAL_RCC_ClockConfig
                0x0000000008001ecc      0x1d8 ./Drivers/STM32F7xx_HAL_Driver/Src/stm32f7xx_hal_rcc.o
                0x0000000008001ecc                HAL_RCC_ClockConfig
 .text.HAL_RCC_GetSysClockFreq
                0x00000000080020a4      0x18c ./Drivers/STM32F7xx_HAL_Driver/Src/stm32f7xx_hal_rcc.o
                0x00000000080020a4                HAL_RCC_GetSysClockFreq
 .text.HAL_SPI_Init
                0x0000000008002230      0x156 ./Drivers/STM32F7xx_HAL_Driver/Src/stm32f7xx_hal_spi.o
                0x0000000008002230                HAL_SPI_Init
 *fill*         0x0000000008002386        0x2 
 .text.HAL_SPI_Transmit_DMA
                0x0000000008002388      0x1e8 ./Drivers/STM32F7xx_HAL_Driver/Src/stm32f7xx_hal_spi.o
                0x0000000008002388                HAL_SPI_Transmit_DMA
 .text.HAL_SPI_IRQHandler
                0x0000000008002570      0x1e8 ./Drivers/STM32F7xx_HAL_Driver/Src/stm32f7xx_hal_spi.o
                0x0000000008002570                HAL_SPI_IRQHandler
 .text.HAL_SPI_TxCpltCallback
                0x0000000008002758       0x14 ./Drivers/STM32F7xx_HAL_Driver/Src/stm32f7xx_hal_spi.o
                0x0000000008002758                HAL_SPI_TxCpltCallback
 .text.HAL_SPI_TxHalfCpltCallback
                0x000000000800276c       0x14 ./Drivers/STM32F7xx_HAL_Driver/Src/stm32f7xx_hal_spi.o
                0x000000000800276c                HAL_SPI_TxHalfCpltCallback
 .text.HAL_SPI_ErrorCallback
                0x0000000008002780       0x14 ./Drivers/STM32F7xx_HAL_Driver/Src/stm32f7xx_hal_spi.o
                0x0000000008002780                HAL_SPI_ErrorCallback
 .text.SPI_DMATransmitCplt
                0x0000000008002794       0xa8 ./Drivers/STM32F7xx_HAL_Driver/Src/stm32f7xx_hal_spi.o
 .text.SPI_DMAHalfTransmitCplt
                0x000000000800283c       0x1c ./Drivers/STM32F7xx_HAL_Driver/Src/stm32f7xx_hal_spi.o
 .text.SPI_DMAError
                0x0000000008002858       0x40 ./Drivers/STM32F7xx_HAL_Driver/Src/stm32f7xx_hal_spi.o
 .text.SPI_DMAAbortOnError
                0x0000000008002898       0x2a ./Drivers/STM32F7xx_HAL_Driver/Src/stm32f7xx_hal_spi.o
 *fill*         0x00000000080028c2        0x2 
 .text.SPI_WaitFlagStateUntilTimeout
                0x00000000080028c4      0x110 ./Drivers/STM32F7xx_HAL_Driver/Src/stm32f7xx_hal_spi.o
 .text.SPI_WaitFifoStateUntilTimeout
                0x00000000080029d4      0x12c ./Drivers/STM32F7xx_HAL_Driver/Src/stm32f7xx_hal_spi.o
 .text.SPI_EndRxTxTransaction
                0x0000000008002b00       0xd4 ./Drivers/STM32F7xx_HAL_Driver/Src/stm32f7xx_hal_spi.o
 .text.memset   0x0000000008002bd4       0x10 C:/STM32/STM32CubeIDE/STM32CubeIDE/plugins/com.st.stm32cube.ide.mcu.externaltools.gnu-tools-for-stm32.11.3.rel1.win32_1.1.0.202305231506/tools/bin/../lib/gcc/arm-none-eabi/11.3.1/../../../../arm-none-eabi/lib/thumb/v7e-m+dp/hard\libc_nano.a(libc_a-memset.o)
                0x0000000008002bd4                memset
 .text.__libc_init_array
                0x0000000008002be4       0x48 C:/STM32/STM32CubeIDE/STM32CubeIDE/plugins/com.st.stm32cube.ide.mcu.externaltools.gnu-tools-for-stm32.11.3.rel1.win32_1.1.0.202305231506/tools/bin/../lib/gcc/arm-none-eabi/11.3.1/../../../../arm-none-eabi/lib/thumb/v7e-m+dp/hard\libc_nano.a(libc_a-init.o)
                0x0000000008002be4                __libc_init_array
 *(.glue_7)
 .glue_7        0x0000000008002c2c        0x0 linker stubs
 *(.glue_7t)
 .glue_7t       0x0000000008002c2c        0x0 linker stubs
 *(.eh_frame)
 .eh_frame      0x0000000008002c2c        0x0 C:/STM32/STM32CubeIDE/STM32CubeIDE/plugins/com.st.stm32cube.ide.mcu.externaltools.gnu-tools-for-stm32.11.3.rel1.win32_1.1.0.202305231506/tools/bin/../lib/gcc/arm-none-eabi/11.3.1/thumb/v7e-m+dp/hard/crtbegin.o
 *(.init)
 .init          0x0000000008002c2c        0x4 C:/STM32/STM32CubeIDE/STM32CubeIDE/plugins/com.st.stm32cube.ide.mcu.externaltools.gnu-tools-for-stm32.11.3.rel1.win32_1.1.0.202305231506/tools/bin/../lib/gcc/arm-none-eabi/11.3.1/thumb/v7e-m+dp/hard/crti.o
                0x0000000008002c2c                _init
 .init          0x0000000008002c30        0x8 C:/STM32/STM32CubeIDE/STM32CubeIDE/plugins/com.st.stm32cube.ide.mcu.externaltools.gnu-tools-for-stm32.11.3.rel1.win32_1.1.0.202305231506/tools/bin/../lib/gcc/arm-none-eabi/11.3.1/thumb/v7e-m+dp/hard/crtn.o
 *(.fini)
 .fini          0x0000000008002c38        0x4 C:/STM32/STM32CubeIDE/STM32CubeIDE/plugins/com.st.stm32cube.ide.mcu.externaltools.gnu-tools-for-stm32.11.3.rel1.win32_1.1.0.202305231506/tools/bin/../lib/gcc/arm-none-eabi/11.3.1/thumb/v7e-m+dp/hard/crti.o
                0x0000000008002c38                _fini
 .fini          0x0000000008002c3c        0x8 C:/STM32/STM32CubeIDE/STM32CubeIDE/plugins/com.st.stm32cube.ide.mcu.externaltools.gnu-tools-for-stm32.11.3.rel1.win32_1.1.0.202305231506/tools/bin/../lib/gcc/arm-none-eabi/11.3.1/thumb/v7e-m+dp/hard/crtn.o
                0x0000000008002c44                . = ALIGN (0x4)
                0x0000000008002c44                _etext = .

.vfp11_veneer   0x0000000008002c44        0x0
 .vfp11_veneer  0x0000000008002c44        0x0 linker stubs

.v4_bx          0x0000000008002c44        0x0
 .v4_bx         0x0000000008002c44        0x0 linker stubs

.iplt           0x0000000008002c44        0x0
 .iplt          0x0000000008002c44        0x0 C:/STM32/STM32CubeIDE/STM32CubeIDE/plugins/com.st.stm32cube.ide.mcu.externaltools.gnu-tools-for-stm32.11.3.rel1.win32_1.1.0.202305231506/tools/bin/../lib/gcc/arm-none-eabi/11.3.1/thumb/v7e-m+dp/hard/crtbegin.o

.rodata         0x0000000008002c44       0x18
                0x0000000008002c44                . = ALIGN (0x4)
 *(.rodata)
 *(.rodata*)
 .rodata.AHBPrescTable
                0x0000000008002c44       0x10 ./Core/Src/system_stm32f7xx.o
                0x0000000008002c44                AHBPrescTable
 .rodata.flagBitshiftOffset.0
                0x0000000008002c54        0x8 ./Drivers/STM32F7xx_HAL_Driver/Src/stm32f7xx_hal_dma.o
                0x0000000008002c5c                . = ALIGN (0x4)

.ARM.extab      0x0000000008002c5c        0x0
                0x0000000008002c5c                . = ALIGN (0x4)
 *(.ARM.extab* .gnu.linkonce.armextab.*)
                0x0000000008002c5c                . = ALIGN (0x4)

.ARM            0x0000000008002c5c        0x8
                0x0000000008002c5c                . = ALIGN (0x4)
                0x0000000008002c5c                __exidx_start = .
 *(.ARM.exidx*)
 .ARM.exidx     0x0000000008002c5c        0x8 C:/STM32/STM32CubeIDE/STM32CubeIDE/plugins/com.st.stm32cube.ide.mcu.externaltools.gnu-tools-for-stm32.11.3.rel1.win32_1.1.0.202305231506/tools/bin/../lib/gcc/arm-none-eabi/11.3.1/thumb/v7e-m+dp/hard\libgcc.a(_udivmoddi4.o)
                0x0000000008002c64                __exidx_end = .
                0x0000000008002c64                . = ALIGN (0x4)

.rel.dyn        0x0000000008002c64        0x0
 .rel.iplt      0x0000000008002c64        0x0 C:/STM32/STM32CubeIDE/STM32CubeIDE/plugins/com.st.stm32cube.ide.mcu.externaltools.gnu-tools-for-stm32.11.3.rel1.win32_1.1.0.202305231506/tools/bin/../lib/gcc/arm-none-eabi/11.3.1/thumb/v7e-m+dp/hard/crtbegin.o

.preinit_array  0x0000000008002c64        0x0
                0x0000000008002c64                . = ALIGN (0x4)
                0x0000000008002c64                PROVIDE (__preinit_array_start = .)
 *(.preinit_array*)
                0x0000000008002c64                PROVIDE (__preinit_array_end = .)
                0x0000000008002c64                . = ALIGN (0x4)

.init_array     0x0000000008002c64        0x4
                0x0000000008002c64                . = ALIGN (0x4)
                0x0000000008002c64                PROVIDE (__init_array_start = .)
 *(SORT_BY_NAME(.init_array.*))
 *(.init_array*)
 .init_array    0x0000000008002c64        0x4 C:/STM32/STM32CubeIDE/STM32CubeIDE/plugins/com.st.stm32cube.ide.mcu.externaltools.gnu-tools-for-stm32.11.3.rel1.win32_1.1.0.202305231506/tools/bin/../lib/gcc/arm-none-eabi/11.3.1/thumb/v7e-m+dp/hard/crtbegin.o
                0x0000000008002c68                PROVIDE (__init_array_end = .)
                0x0000000008002c68                . = ALIGN (0x4)

.fini_array     0x0000000008002c68        0x4
                0x0000000008002c68                . = ALIGN (0x4)
                [!provide]                        PROVIDE (__fini_array_start = .)
 *(SORT_BY_NAME(.fini_array.*))
 *(.fini_array*)
 .fini_array    0x0000000008002c68        0x4 C:/STM32/STM32CubeIDE/STM32CubeIDE/plugins/com.st.stm32cube.ide.mcu.externaltools.gnu-tools-for-stm32.11.3.rel1.win32_1.1.0.202305231506/tools/bin/../lib/gcc/arm-none-eabi/11.3.1/thumb/v7e-m+dp/hard/crtbegin.o
                [!provide]                        PROVIDE (__fini_array_end = .)
                0x0000000008002c6c                . = ALIGN (0x4)
                0x0000000008002c6c                _sidata = LOADADDR (.data)

.data           0x0000000020000000       0x20 load address 0x0000000008002c6c
                0x0000000020000000                . = ALIGN (0x4)
                0x0000000020000000                _sdata = .
 *(.data)
 *(.data*)
 .data.f_SPI_IT
                0x0000000020000000        0x1 ./Core/Src/myMain.o
                0x0000000020000000                f_SPI_IT
 *fill*         0x0000000020000001        0x3 
 .data.pData    0x0000000020000004        0xd ./Core/Src/myMain.o
                0x0000000020000004                pData
 *fill*         0x0000000020000011        0x3 
 .data.SystemCoreClock
                0x0000000020000014        0x4 ./Core/Src/system_stm32f7xx.o
                0x0000000020000014                SystemCoreClock
 .data.uwTickPrio
                0x0000000020000018        0x4 ./Drivers/STM32F7xx_HAL_Driver/Src/stm32f7xx_hal.o
                0x0000000020000018                uwTickPrio
 .data.uwTickFreq
                0x000000002000001c        0x1 ./Drivers/STM32F7xx_HAL_Driver/Src/stm32f7xx_hal.o
                0x000000002000001c                uwTickFreq
 *(.RamFunc)
 *(.RamFunc*)
                0x0000000020000020                . = ALIGN (0x4)
 *fill*         0x000000002000001d        0x3 
                0x0000000020000020                _edata = .

.igot.plt       0x0000000020000020        0x0 load address 0x0000000008002c8c
 .igot.plt      0x0000000020000020        0x0 C:/STM32/STM32CubeIDE/STM32CubeIDE/plugins/com.st.stm32cube.ide.mcu.externaltools.gnu-tools-for-stm32.11.3.rel1.win32_1.1.0.202305231506/tools/bin/../lib/gcc/arm-none-eabi/11.3.1/thumb/v7e-m+dp/hard/crtbegin.o
                0x0000000020000020                . = ALIGN (0x4)

.bss            0x0000000020000020       0xe4 load address 0x0000000008002c8c
                0x0000000020000020                _sbss = .
                0x0000000020000020                __bss_start__ = _sbss
 *(.bss)
 .bss           0x0000000020000020       0x1c C:/STM32/STM32CubeIDE/STM32CubeIDE/plugins/com.st.stm32cube.ide.mcu.externaltools.gnu-tools-for-stm32.11.3.rel1.win32_1.1.0.202305231506/tools/bin/../lib/gcc/arm-none-eabi/11.3.1/thumb/v7e-m+dp/hard/crtbegin.o
 *(.bss*)
 .bss.hspi2     0x000000002000003c       0x64 ./Core/Src/main.o
                0x000000002000003c                hspi2
 .bss.hdma_spi2_tx
                0x00000000200000a0       0x60 ./Core/Src/main.o
                0x00000000200000a0                hdma_spi2_tx
 .bss.uwTick    0x0000000020000100        0x4 ./Drivers/STM32F7xx_HAL_Driver/Src/stm32f7xx_hal.o
                0x0000000020000100                uwTick
 *(COMMON)
                0x0000000020000104                . = ALIGN (0x4)
                0x0000000020000104                _ebss = .
                0x0000000020000104                __bss_end__ = _ebss

._user_heap_stack
                0x0000000020000104      0x604 load address 0x0000000008002c8c
                0x0000000020000108                . = ALIGN (0x8)
 *fill*         0x0000000020000104        0x4 
                [!provide]                        PROVIDE (end = .)
                0x0000000020000108                PROVIDE (_end = .)
                0x0000000020000308                . = (. + _Min_Heap_Size)
 *fill*         0x0000000020000108      0x200 
                0x0000000020000708                . = (. + _Min_Stack_Size)
 *fill*         0x0000000020000308      0x400 
                0x0000000020000708                . = ALIGN (0x8)

/DISCARD/
 libc.a(*)
 libm.a(*)
 libgcc.a(*)

.ARM.attributes
                0x0000000000000000       0x2e
 *(.ARM.attributes)
 .ARM.attributes
                0x0000000000000000       0x1e C:/STM32/STM32CubeIDE/STM32CubeIDE/plugins/com.st.stm32cube.ide.mcu.externaltools.gnu-tools-for-stm32.11.3.rel1.win32_1.1.0.202305231506/tools/bin/../lib/gcc/arm-none-eabi/11.3.1/thumb/v7e-m+dp/hard/crti.o
 .ARM.attributes
                0x000000000000001e       0x32 C:/STM32/STM32CubeIDE/STM32CubeIDE/plugins/com.st.stm32cube.ide.mcu.externaltools.gnu-tools-for-stm32.11.3.rel1.win32_1.1.0.202305231506/tools/bin/../lib/gcc/arm-none-eabi/11.3.1/thumb/v7e-m+dp/hard/crtbegin.o
 .ARM.attributes
                0x0000000000000050       0x32 ./Core/Src/main.o
 .ARM.attributes
                0x0000000000000082       0x32 ./Core/Src/myMain.o
 .ARM.attributes
                0x00000000000000b4       0x32 ./Core/Src/stm32f7xx_hal_msp.o
 .ARM.attributes
                0x00000000000000e6       0x32 ./Core/Src/stm32f7xx_it.o
 .ARM.attributes
                0x0000000000000118       0x32 ./Core/Src/system_stm32f7xx.o
 .ARM.attributes
                0x000000000000014a       0x21 ./Core/Startup/startup_stm32f769nihx.o
 .ARM.attributes
                0x000000000000016b       0x32 ./Drivers/STM32F7xx_HAL_Driver/Src/stm32f7xx_hal.o
 .ARM.attributes
                0x000000000000019d       0x32 ./Drivers/STM32F7xx_HAL_Driver/Src/stm32f7xx_hal_cortex.o
 .ARM.attributes
                0x00000000000001cf       0x32 ./Drivers/STM32F7xx_HAL_Driver/Src/stm32f7xx_hal_dma.o
 .ARM.attributes
                0x0000000000000201       0x32 ./Drivers/STM32F7xx_HAL_Driver/Src/stm32f7xx_hal_gpio.o
 .ARM.attributes
                0x0000000000000233       0x32 ./Drivers/STM32F7xx_HAL_Driver/Src/stm32f7xx_hal_pwr_ex.o
 .ARM.attributes
                0x0000000000000265       0x32 ./Drivers/STM32F7xx_HAL_Driver/Src/stm32f7xx_hal_rcc.o
 .ARM.attributes
                0x0000000000000297       0x32 ./Drivers/STM32F7xx_HAL_Driver/Src/stm32f7xx_hal_spi.o
 .ARM.attributes
                0x00000000000002c9       0x32 C:/STM32/STM32CubeIDE/STM32CubeIDE/plugins/com.st.stm32cube.ide.mcu.externaltools.gnu-tools-for-stm32.11.3.rel1.win32_1.1.0.202305231506/tools/bin/../lib/gcc/arm-none-eabi/11.3.1/../../../../arm-none-eabi/lib/thumb/v7e-m+dp/hard\libc_nano.a(libc_a-memset.o)
 .ARM.attributes
                0x00000000000002fb       0x32 C:/STM32/STM32CubeIDE/STM32CubeIDE/plugins/com.st.stm32cube.ide.mcu.externaltools.gnu-tools-for-stm32.11.3.rel1.win32_1.1.0.202305231506/tools/bin/../lib/gcc/arm-none-eabi/11.3.1/../../../../arm-none-eabi/lib/thumb/v7e-m+dp/hard\libc_nano.a(libc_a-init.o)
 .ARM.attributes
                0x000000000000032d       0x1e C:/STM32/STM32CubeIDE/STM32CubeIDE/plugins/com.st.stm32cube.ide.mcu.externaltools.gnu-tools-for-stm32.11.3.rel1.win32_1.1.0.202305231506/tools/bin/../lib/gcc/arm-none-eabi/11.3.1/thumb/v7e-m+dp/hard\libgcc.a(_aeabi_uldivmod.o)
 .ARM.attributes
                0x000000000000034b       0x32 C:/STM32/STM32CubeIDE/STM32CubeIDE/plugins/com.st.stm32cube.ide.mcu.externaltools.gnu-tools-for-stm32.11.3.rel1.win32_1.1.0.202305231506/tools/bin/../lib/gcc/arm-none-eabi/11.3.1/thumb/v7e-m+dp/hard\libgcc.a(_udivmoddi4.o)
 .ARM.attributes
                0x000000000000037d       0x1e C:/STM32/STM32CubeIDE/STM32CubeIDE/plugins/com.st.stm32cube.ide.mcu.externaltools.gnu-tools-for-stm32.11.3.rel1.win32_1.1.0.202305231506/tools/bin/../lib/gcc/arm-none-eabi/11.3.1/thumb/v7e-m+dp/hard\libgcc.a(_dvmd_tls.o)
 .ARM.attributes
                0x000000000000039b       0x1e C:/STM32/STM32CubeIDE/STM32CubeIDE/plugins/com.st.stm32cube.ide.mcu.externaltools.gnu-tools-for-stm32.11.3.rel1.win32_1.1.0.202305231506/tools/bin/../lib/gcc/arm-none-eabi/11.3.1/thumb/v7e-m+dp/hard/crtn.o
OUTPUT(011_SPI_IT_DMA.elf elf32-littlearm)
LOAD linker stubs
LOAD C:/STM32/STM32CubeIDE/STM32CubeIDE/plugins/com.st.stm32cube.ide.mcu.externaltools.gnu-tools-for-stm32.11.3.rel1.win32_1.1.0.202305231506/tools/bin/../lib/gcc/arm-none-eabi/11.3.1/../../../../arm-none-eabi/lib/thumb/v7e-m+dp/hard\libc.a
LOAD C:/STM32/STM32CubeIDE/STM32CubeIDE/plugins/com.st.stm32cube.ide.mcu.externaltools.gnu-tools-for-stm32.11.3.rel1.win32_1.1.0.202305231506/tools/bin/../lib/gcc/arm-none-eabi/11.3.1/../../../../arm-none-eabi/lib/thumb/v7e-m+dp/hard\libm.a
LOAD C:/STM32/STM32CubeIDE/STM32CubeIDE/plugins/com.st.stm32cube.ide.mcu.externaltools.gnu-tools-for-stm32.11.3.rel1.win32_1.1.0.202305231506/tools/bin/../lib/gcc/arm-none-eabi/11.3.1/thumb/v7e-m+dp/hard\libgcc.a

.comment        0x0000000000000000       0x43
 .comment       0x0000000000000000       0x43 C:/STM32/STM32CubeIDE/STM32CubeIDE/plugins/com.st.stm32cube.ide.mcu.externaltools.gnu-tools-for-stm32.11.3.rel1.win32_1.1.0.202305231506/tools/bin/../lib/gcc/arm-none-eabi/11.3.1/thumb/v7e-m+dp/hard/crtbegin.o
                                         0x44 (size before relaxing)
 .comment       0x0000000000000043       0x44 ./Core/Src/main.o
 .comment       0x0000000000000043       0x44 ./Core/Src/myMain.o
 .comment       0x0000000000000043       0x44 ./Core/Src/stm32f7xx_hal_msp.o
 .comment       0x0000000000000043       0x44 ./Core/Src/stm32f7xx_it.o
 .comment       0x0000000000000043       0x44 ./Core/Src/system_stm32f7xx.o
 .comment       0x0000000000000043       0x44 ./Drivers/STM32F7xx_HAL_Driver/Src/stm32f7xx_hal.o
 .comment       0x0000000000000043       0x44 ./Drivers/STM32F7xx_HAL_Driver/Src/stm32f7xx_hal_cortex.o
 .comment       0x0000000000000043       0x44 ./Drivers/STM32F7xx_HAL_Driver/Src/stm32f7xx_hal_dma.o
 .comment       0x0000000000000043       0x44 ./Drivers/STM32F7xx_HAL_Driver/Src/stm32f7xx_hal_gpio.o
 .comment       0x0000000000000043       0x44 ./Drivers/STM32F7xx_HAL_Driver/Src/stm32f7xx_hal_pwr_ex.o
 .comment       0x0000000000000043       0x44 ./Drivers/STM32F7xx_HAL_Driver/Src/stm32f7xx_hal_rcc.o
 .comment       0x0000000000000043       0x44 ./Drivers/STM32F7xx_HAL_Driver/Src/stm32f7xx_hal_spi.o

.debug_info     0x0000000000000000     0x88da
 .debug_info    0x0000000000000000     0x1465 ./Core/Src/main.o
 .debug_info    0x0000000000001465      0x75a ./Core/Src/myMain.o
 .debug_info    0x0000000000001bbf      0xcfc ./Core/Src/stm32f7xx_hal_msp.o
 .debug_info    0x00000000000028bb      0x6b3 ./Core/Src/stm32f7xx_it.o
 .debug_info    0x0000000000002f6e      0x6ed ./Core/Src/system_stm32f7xx.o
 .debug_info    0x000000000000365b       0x23 ./Core/Startup/startup_stm32f769nihx.o
 .debug_info    0x000000000000367e      0xa52 ./Drivers/STM32F7xx_HAL_Driver/Src/stm32f7xx_hal.o
 .debug_info    0x00000000000040d0      0xf91 ./Drivers/STM32F7xx_HAL_Driver/Src/stm32f7xx_hal_cortex.o
 .debug_info    0x0000000000005061      0x8e7 ./Drivers/STM32F7xx_HAL_Driver/Src/stm32f7xx_hal_dma.o
 .debug_info    0x0000000000005948      0x6f3 ./Drivers/STM32F7xx_HAL_Driver/Src/stm32f7xx_hal_gpio.o
 .debug_info    0x000000000000603b      0x8cd ./Drivers/STM32F7xx_HAL_Driver/Src/stm32f7xx_hal_pwr_ex.o
 .debug_info    0x0000000000006908      0x937 ./Drivers/STM32F7xx_HAL_Driver/Src/stm32f7xx_hal_rcc.o
 .debug_info    0x000000000000723f     0x169b ./Drivers/STM32F7xx_HAL_Driver/Src/stm32f7xx_hal_spi.o

.debug_abbrev   0x0000000000000000     0x19e7
 .debug_abbrev  0x0000000000000000      0x2e3 ./Core/Src/main.o
 .debug_abbrev  0x00000000000002e3      0x1a1 ./Core/Src/myMain.o
 .debug_abbrev  0x0000000000000484      0x205 ./Core/Src/stm32f7xx_hal_msp.o
 .debug_abbrev  0x0000000000000689      0x181 ./Core/Src/stm32f7xx_it.o
 .debug_abbrev  0x000000000000080a      0x13b ./Core/Src/system_stm32f7xx.o
 .debug_abbrev  0x0000000000000945       0x12 ./Core/Startup/startup_stm32f769nihx.o
 .debug_abbrev  0x0000000000000957      0x213 ./Drivers/STM32F7xx_HAL_Driver/Src/stm32f7xx_hal.o
 .debug_abbrev  0x0000000000000b6a      0x329 ./Drivers/STM32F7xx_HAL_Driver/Src/stm32f7xx_hal_cortex.o
 .debug_abbrev  0x0000000000000e93      0x264 ./Drivers/STM32F7xx_HAL_Driver/Src/stm32f7xx_hal_dma.o
 .debug_abbrev  0x00000000000010f7      0x1d4 ./Drivers/STM32F7xx_HAL_Driver/Src/stm32f7xx_hal_gpio.o
 .debug_abbrev  0x00000000000012cb      0x1d5 ./Drivers/STM32F7xx_HAL_Driver/Src/stm32f7xx_hal_pwr_ex.o
 .debug_abbrev  0x00000000000014a0      0x2de ./Drivers/STM32F7xx_HAL_Driver/Src/stm32f7xx_hal_rcc.o
 .debug_abbrev  0x000000000000177e      0x269 ./Drivers/STM32F7xx_HAL_Driver/Src/stm32f7xx_hal_spi.o

.debug_aranges  0x0000000000000000      0x760
 .debug_aranges
                0x0000000000000000       0x58 ./Core/Src/main.o
 .debug_aranges
                0x0000000000000058       0x28 ./Core/Src/myMain.o
 .debug_aranges
                0x0000000000000080       0x30 ./Core/Src/stm32f7xx_hal_msp.o
 .debug_aranges
                0x00000000000000b0       0x70 ./Core/Src/stm32f7xx_it.o
 .debug_aranges
                0x0000000000000120       0x28 ./Core/Src/system_stm32f7xx.o
 .debug_aranges
                0x0000000000000148       0x28 ./Core/Startup/startup_stm32f769nihx.o
 .debug_aranges
                0x0000000000000170      0x110 ./Drivers/STM32F7xx_HAL_Driver/Src/stm32f7xx_hal.o
 .debug_aranges
                0x0000000000000280      0x118 ./Drivers/STM32F7xx_HAL_Driver/Src/stm32f7xx_hal_cortex.o
 .debug_aranges
                0x0000000000000398       0x90 ./Drivers/STM32F7xx_HAL_Driver/Src/stm32f7xx_hal_dma.o
 .debug_aranges
                0x0000000000000428       0x58 ./Drivers/STM32F7xx_HAL_Driver/Src/stm32f7xx_hal_gpio.o
 .debug_aranges
                0x0000000000000480       0x80 ./Drivers/STM32F7xx_HAL_Driver/Src/stm32f7xx_hal_pwr_ex.o
 .debug_aranges
                0x0000000000000500       0x88 ./Drivers/STM32F7xx_HAL_Driver/Src/stm32f7xx_hal_rcc.o
 .debug_aranges
                0x0000000000000588      0x1d8 ./Drivers/STM32F7xx_HAL_Driver/Src/stm32f7xx_hal_spi.o

.debug_rnglists
                0x0000000000000000      0x57d
 .debug_rnglists
                0x0000000000000000       0x40 ./Core/Src/main.o
 .debug_rnglists
                0x0000000000000040       0x19 ./Core/Src/myMain.o
 .debug_rnglists
                0x0000000000000059       0x20 ./Core/Src/stm32f7xx_hal_msp.o
 .debug_rnglists
                0x0000000000000079       0x4f ./Core/Src/stm32f7xx_it.o
 .debug_rnglists
                0x00000000000000c8       0x1a ./Core/Src/system_stm32f7xx.o
 .debug_rnglists
                0x00000000000000e2       0x19 ./Core/Startup/startup_stm32f769nihx.o
 .debug_rnglists
                0x00000000000000fb       0xc7 ./Drivers/STM32F7xx_HAL_Driver/Src/stm32f7xx_hal.o
 .debug_rnglists
                0x00000000000001c2       0xce ./Drivers/STM32F7xx_HAL_Driver/Src/stm32f7xx_hal_cortex.o
 .debug_rnglists
                0x0000000000000290       0x70 ./Drivers/STM32F7xx_HAL_Driver/Src/stm32f7xx_hal_dma.o
 .debug_rnglists
                0x0000000000000300       0x3f ./Drivers/STM32F7xx_HAL_Driver/Src/stm32f7xx_hal_gpio.o
 .debug_rnglists
                0x000000000000033f       0x5f ./Drivers/STM32F7xx_HAL_Driver/Src/stm32f7xx_hal_pwr_ex.o
 .debug_rnglists
                0x000000000000039e       0x67 ./Drivers/STM32F7xx_HAL_Driver/Src/stm32f7xx_hal_rcc.o
 .debug_rnglists
                0x0000000000000405      0x178 ./Drivers/STM32F7xx_HAL_Driver/Src/stm32f7xx_hal_spi.o

.debug_macro    0x0000000000000000    0x2b823
 .debug_macro   0x0000000000000000      0x1e8 ./Core/Src/main.o
 .debug_macro   0x00000000000001e8      0xac0 ./Core/Src/main.o
 .debug_macro   0x0000000000000ca8      0x28d ./Core/Src/main.o
 .debug_macro   0x0000000000000f35       0x2e ./Core/Src/main.o
 .debug_macro   0x0000000000000f63       0x3b ./Core/Src/main.o
 .debug_macro   0x0000000000000f9e       0x22 ./Core/Src/main.o
 .debug_macro   0x0000000000000fc0       0x8e ./Core/Src/main.o
 .debug_macro   0x000000000000104e       0x51 ./Core/Src/main.o
 .debug_macro   0x000000000000109f      0x103 ./Core/Src/main.o
 .debug_macro   0x00000000000011a2       0x6a ./Core/Src/main.o
 .debug_macro   0x000000000000120c      0x1df ./Core/Src/main.o
 .debug_macro   0x00000000000013eb       0x1c ./Core/Src/main.o
 .debug_macro   0x0000000000001407       0x22 ./Core/Src/main.o
 .debug_macro   0x0000000000001429       0xd9 ./Core/Src/main.o
 .debug_macro   0x0000000000001502     0x12cd ./Core/Src/main.o
 .debug_macro   0x00000000000027cf      0x11f ./Core/Src/main.o
 .debug_macro   0x00000000000028ee       0x19 ./Core/Src/main.o
 .debug_macro   0x0000000000002907    0x204b6 ./Core/Src/main.o
 .debug_macro   0x0000000000022dbd       0x6d ./Core/Src/main.o
 .debug_macro   0x0000000000022e2a     0x3749 ./Core/Src/main.o
 .debug_macro   0x0000000000026573      0x174 ./Core/Src/main.o
 .debug_macro   0x00000000000266e7       0x63 ./Core/Src/main.o
 .debug_macro   0x000000000002674a     0x1b3f ./Core/Src/main.o
 .debug_macro   0x0000000000028289      0x6c4 ./Core/Src/main.o
 .debug_macro   0x000000000002894d      0x18b ./Core/Src/main.o
 .debug_macro   0x0000000000028ad8      0x115 ./Core/Src/main.o
 .debug_macro   0x0000000000028bed      0x275 ./Core/Src/main.o
 .debug_macro   0x0000000000028e62       0xa5 ./Core/Src/main.o
 .debug_macro   0x0000000000028f07      0x24f ./Core/Src/main.o
 .debug_macro   0x0000000000029156       0x71 ./Core/Src/main.o
 .debug_macro   0x00000000000291c7       0x58 ./Core/Src/main.o
 .debug_macro   0x000000000002921f      0x236 ./Core/Src/main.o
 .debug_macro   0x0000000000029455      0x14e ./Core/Src/main.o
 .debug_macro   0x00000000000295a3      0x3db ./Core/Src/main.o
 .debug_macro   0x000000000002997e       0x12 ./Core/Src/main.o
 .debug_macro   0x0000000000029990      0x22c ./Core/Src/main.o
 .debug_macro   0x0000000000029bbc       0x61 ./Core/Src/main.o
 .debug_macro   0x0000000000029c1d       0xa5 ./Core/Src/main.o
 .debug_macro   0x0000000000029cc2      0x12e ./Core/Src/main.o
 .debug_macro   0x0000000000029df0      0x108 ./Core/Src/main.o
 .debug_macro   0x0000000000029ef8       0x35 ./Core/Src/main.o
 .debug_macro   0x0000000000029f2d      0x2fe ./Core/Src/main.o
 .debug_macro   0x000000000002a22b      0x15b ./Core/Src/main.o
 .debug_macro   0x000000000002a386      0x1e4 ./Core/Src/myMain.o
 .debug_macro   0x000000000002a56a      0x1da ./Core/Src/stm32f7xx_hal_msp.o
 .debug_macro   0x000000000002a744      0x1e4 ./Core/Src/stm32f7xx_it.o
 .debug_macro   0x000000000002a928      0x1d0 ./Core/Src/system_stm32f7xx.o
 .debug_macro   0x000000000002aaf8      0x1f4 ./Drivers/STM32F7xx_HAL_Driver/Src/stm32f7xx_hal.o
 .debug_macro   0x000000000002acec      0x1d0 ./Drivers/STM32F7xx_HAL_Driver/Src/stm32f7xx_hal_cortex.o
 .debug_macro   0x000000000002aebc      0x1d6 ./Drivers/STM32F7xx_HAL_Driver/Src/stm32f7xx_hal_dma.o
 .debug_macro   0x000000000002b092      0x1d6 ./Drivers/STM32F7xx_HAL_Driver/Src/stm32f7xx_hal_gpio.o
 .debug_macro   0x000000000002b268      0x1e8 ./Drivers/STM32F7xx_HAL_Driver/Src/stm32f7xx_hal_pwr_ex.o
 .debug_macro   0x000000000002b450      0x1f4 ./Drivers/STM32F7xx_HAL_Driver/Src/stm32f7xx_hal_rcc.o
 .debug_macro   0x000000000002b644      0x1df ./Drivers/STM32F7xx_HAL_Driver/Src/stm32f7xx_hal_spi.o

.debug_line     0x0000000000000000     0x9302
 .debug_line    0x0000000000000000      0x958 ./Core/Src/main.o
 .debug_line    0x0000000000000958      0x749 ./Core/Src/myMain.o
 .debug_line    0x00000000000010a1      0x7b7 ./Core/Src/stm32f7xx_hal_msp.o
 .debug_line    0x0000000000001858      0x821 ./Core/Src/stm32f7xx_it.o
 .debug_line    0x0000000000002079      0x7ae ./Core/Src/system_stm32f7xx.o
 .debug_line    0x0000000000002827       0x7a ./Core/Startup/startup_stm32f769nihx.o
 .debug_line    0x00000000000028a1      0xa6f ./Drivers/STM32F7xx_HAL_Driver/Src/stm32f7xx_hal.o
 .debug_line    0x0000000000003310      0xcc5 ./Drivers/STM32F7xx_HAL_Driver/Src/stm32f7xx_hal_cortex.o
 .debug_line    0x0000000000003fd5      0xf8e ./Drivers/STM32F7xx_HAL_Driver/Src/stm32f7xx_hal_dma.o
 .debug_line    0x0000000000004f63      0xbb3 ./Drivers/STM32F7xx_HAL_Driver/Src/stm32f7xx_hal_gpio.o
 .debug_line    0x0000000000005b16      0x9ab ./Drivers/STM32F7xx_HAL_Driver/Src/stm32f7xx_hal_pwr_ex.o
 .debug_line    0x00000000000064c1      0xeac ./Drivers/STM32F7xx_HAL_Driver/Src/stm32f7xx_hal_rcc.o
 .debug_line    0x000000000000736d     0x1f95 ./Drivers/STM32F7xx_HAL_Driver/Src/stm32f7xx_hal_spi.o

.debug_str      0x0000000000000000   0x106c79
 .debug_str     0x0000000000000000   0x1054cc ./Core/Src/main.o
                                     0x105c23 (size before relaxing)
 .debug_str     0x00000000001054cc       0x39 ./Core/Src/myMain.o
                                     0x105129 (size before relaxing)
 .debug_str     0x0000000000105505       0x93 ./Core/Src/stm32f7xx_hal_msp.o
                                     0x105920 (size before relaxing)
 .debug_str     0x0000000000105598      0x117 ./Core/Src/stm32f7xx_it.o
                                     0x105154 (size before relaxing)
 .debug_str     0x00000000001056af       0x87 ./Core/Src/system_stm32f7xx.o
                                     0x104e86 (size before relaxing)
 .debug_str     0x0000000000105736       0x34 ./Core/Startup/startup_stm32f769nihx.o
                                         0x6c (size before relaxing)
 .debug_str     0x000000000010576a      0x447 ./Drivers/STM32F7xx_HAL_Driver/Src/stm32f7xx_hal.o
                                     0x1058cf (size before relaxing)
 .debug_str     0x0000000000105bb1      0x317 ./Drivers/STM32F7xx_HAL_Driver/Src/stm32f7xx_hal_cortex.o
                                     0x10587f (size before relaxing)
 .debug_str     0x0000000000105ec8      0x2f6 ./Drivers/STM32F7xx_HAL_Driver/Src/stm32f7xx_hal_dma.o
                                     0x1051c5 (size before relaxing)
 .debug_str     0x00000000001061be      0x10a ./Drivers/STM32F7xx_HAL_Driver/Src/stm32f7xx_hal_gpio.o
                                     0x104f44 (size before relaxing)
 .debug_str     0x00000000001062c8      0x1d1 ./Drivers/STM32F7xx_HAL_Driver/Src/stm32f7xx_hal_pwr_ex.o
                                     0x1050f5 (size before relaxing)
 .debug_str     0x0000000000106499      0x260 ./Drivers/STM32F7xx_HAL_Driver/Src/stm32f7xx_hal_rcc.o
                                     0x105201 (size before relaxing)
 .debug_str     0x00000000001066f9      0x580 ./Drivers/STM32F7xx_HAL_Driver/Src/stm32f7xx_hal_spi.o
                                     0x1056c6 (size before relaxing)

.debug_frame    0x0000000000000000     0x1c68
 .debug_frame   0x0000000000000000      0x114 ./Core/Src/main.o
 .debug_frame   0x0000000000000114       0x4c ./Core/Src/myMain.o
 .debug_frame   0x0000000000000160       0x80 ./Core/Src/stm32f7xx_hal_msp.o
 .debug_frame   0x00000000000001e0      0x13c ./Core/Src/stm32f7xx_it.o
 .debug_frame   0x000000000000031c       0x58 ./Core/Src/system_stm32f7xx.o
 .debug_frame   0x0000000000000374      0x3f4 ./Drivers/STM32F7xx_HAL_Driver/Src/stm32f7xx_hal.o
 .debug_frame   0x0000000000000768      0x498 ./Drivers/STM32F7xx_HAL_Driver/Src/stm32f7xx_hal_cortex.o
 .debug_frame   0x0000000000000c00      0x250 ./Drivers/STM32F7xx_HAL_Driver/Src/stm32f7xx_hal_dma.o
 .debug_frame   0x0000000000000e50      0x14c ./Drivers/STM32F7xx_HAL_Driver/Src/stm32f7xx_hal_gpio.o
 .debug_frame   0x0000000000000f9c      0x1c8 ./Drivers/STM32F7xx_HAL_Driver/Src/stm32f7xx_hal_pwr_ex.o
 .debug_frame   0x0000000000001164      0x1f8 ./Drivers/STM32F7xx_HAL_Driver/Src/stm32f7xx_hal_rcc.o
 .debug_frame   0x000000000000135c      0x860 ./Drivers/STM32F7xx_HAL_Driver/Src/stm32f7xx_hal_spi.o
 .debug_frame   0x0000000000001bbc       0x20 C:/STM32/STM32CubeIDE/STM32CubeIDE/plugins/com.st.stm32cube.ide.mcu.externaltools.gnu-tools-for-stm32.11.3.rel1.win32_1.1.0.202305231506/tools/bin/../lib/gcc/arm-none-eabi/11.3.1/../../../../arm-none-eabi/lib/thumb/v7e-m+dp/hard\libc_nano.a(libc_a-memset.o)
 .debug_frame   0x0000000000001bdc       0x2c C:/STM32/STM32CubeIDE/STM32CubeIDE/plugins/com.st.stm32cube.ide.mcu.externaltools.gnu-tools-for-stm32.11.3.rel1.win32_1.1.0.202305231506/tools/bin/../lib/gcc/arm-none-eabi/11.3.1/../../../../arm-none-eabi/lib/thumb/v7e-m+dp/hard\libc_nano.a(libc_a-init.o)
 .debug_frame   0x0000000000001c08       0x2c C:/STM32/STM32CubeIDE/STM32CubeIDE/plugins/com.st.stm32cube.ide.mcu.externaltools.gnu-tools-for-stm32.11.3.rel1.win32_1.1.0.202305231506/tools/bin/../lib/gcc/arm-none-eabi/11.3.1/thumb/v7e-m+dp/hard\libgcc.a(_aeabi_uldivmod.o)
 .debug_frame   0x0000000000001c34       0x34 C:/STM32/STM32CubeIDE/STM32CubeIDE/plugins/com.st.stm32cube.ide.mcu.externaltools.gnu-tools-for-stm32.11.3.rel1.win32_1.1.0.202305231506/tools/bin/../lib/gcc/arm-none-eabi/11.3.1/thumb/v7e-m+dp/hard\libgcc.a(_udivmoddi4.o)

.debug_line_str
                0x0000000000000000       0x60
 .debug_line_str
                0x0000000000000000       0x60 ./Core/Startup/startup_stm32f769nihx.o
                                         0x78 (size before relaxing)
